
> livetool-frontend@0.2.0 dev
> vite --host 127.0.0.1 --port 5199


  VITE v7.3.6  ready in 436 ms

  ➜  Local:   http://127.0.0.1:5199/
  ➜  press h + enter to show help
22:23:17 [vite] (client) ✨ optimized dependencies changed. reloading
22:23:17 [vite] (client) Pre-transform error: Invalid end tag.
  Plugin: vite:vue
  File: C:/Users/Administrator/Desktop/livetool/frontend/src/components/RuleEditorDialog.vue:492:5
  490 |        <div v-else class="action-empty"><el-icon><Plus /></el-icon><span>还没有动作，点下面的按钮添加一个</span></div>
  491 |        <div class="action-toolbar action-toolbar-bottom"><el-dropdown size="small" @command="addAction"><el-button siz...
  492 |      </section>
      |       ^
  493 |        <section class="editor-section preview-section"><div class="editor-section-title"><span>05</span><div><h3>测试预览<...
  494 |      </div>
22:23:17 [vite] Internal server error: Invalid end tag.
  Plugin: vite:vue
  File: C:/Users/Administrator/Desktop/livetool/frontend/src/components/RuleEditorDialog.vue:492:5
  490 |        <div v-else class="action-empty"><el-icon><Plus /></el-icon><span>还没有动作，点下面的按钮添加一个</span></div>
  491 |        <div class="action-toolbar action-toolbar-bottom"><el-dropdown size="small" @command="addAction"><el-button siz...
  492 |      </section>
      |       ^
  493 |        <section class="editor-section preview-section"><div class="editor-section-title"><span>05</span><div><h3>测试预览<...
  494 |      </div>
      at createCompilerError (C:\Users\Administrator\Desktop\livetool\frontend\node_modules\@vue\compiler-core\dist\compiler-core.cjs.js:1378:17)
      at emitError (C:\Users\Administrator\Desktop\livetool\frontend\node_modules\@vue\compiler-core\dist\compiler-core.cjs.js:3035:5)
      at Object.onclosetag (C:\Users\Administrator\Desktop\livetool\frontend\node_modules\@vue\compiler-core\dist\compiler-core.cjs.js:2412:9)
      at Tokenizer.stateInClosingTagName (C:\Users\Administrator\Desktop\livetool\frontend\node_modules\@vue\compiler-core\dist\compiler-core.cjs.js:799:16)
      at Tokenizer.parse (C:\Users\Administrator\Desktop\livetool\frontend\node_modules\@vue\compiler-core\dist\compiler-core.cjs.js:1157:16)
      at Object.baseParse (C:\Users\Administrator\Desktop\livetool\frontend\node_modules\@vue\compiler-core\dist\compiler-core.cjs.js:3074:13)
      at Object.parse (C:\Users\Administrator\Desktop\livetool\frontend\node_modules\@vue\compiler-dom\dist\compiler-dom.cjs.js:913:23)
      at Object.parse$1 [as parse] (C:\Users\Administrator\Desktop\livetool\frontend\node_modules\@vue\compiler-sfc\dist\compiler-sfc.cjs.js:1918:24)
      at createDescriptor (file:///C:/Users/Administrator/Desktop/livetool/frontend/node_modules/@vitejs/plugin-vue/dist/index.mjs:50:42)
      at transformMain (file:///C:/Users/Administrator/Desktop/livetool/frontend/node_modules/@vitejs/plugin-vue/dist/index.mjs:1358:33)
22:24:42 [vite] (client) Pre-transform error: Failed to resolve import "../src/styles.css" from "actions-check.js". Does the file exist?
  Plugin: vite:import-analysis
  File: C:/Users/Administrator/Desktop/livetool/frontend/actions-check.js:6:8
  4  |  import ElementPlus from 'element-plus'
  5  |  import 'element-plus/dist/index.css'
  6  |  import '../src/styles.css'
     |          ^
  7  |  
  8  |  const app = createApp({
22:24:42 [vite] Internal server error: Failed to resolve import "../src/styles.css" from "actions-check.js". Does the file exist?
  Plugin: vite:import-analysis
  File: C:/Users/Administrator/Desktop/livetool/frontend/actions-check.js:6:8
  4  |  import ElementPlus from 'element-plus'
  5  |  import 'element-plus/dist/index.css'
  6  |  import '../src/styles.css'
     |          ^
  7  |  
  8  |  const app = createApp({
      at TransformPluginContext._formatLog (file:///C:/Users/Administrator/Desktop/livetool/frontend/node_modules/vite/dist/node/chunks/config.js:29079:43)
      at TransformPluginContext.error (file:///C:/Users/Administrator/Desktop/livetool/frontend/node_modules/vite/dist/node/chunks/config.js:29076:14)
      at normalizeUrl (file:///C:/Users/Administrator/Desktop/livetool/frontend/node_modules/vite/dist/node/chunks/config.js:27199:18)
      at async file:///C:/Users/Administrator/Desktop/livetool/frontend/node_modules/vite/dist/node/chunks/config.js:27257:32
      at async Promise.all (index 3)
      at async TransformPluginContext.transform (file:///C:/Users/Administrator/Desktop/livetool/frontend/node_modules/vite/dist/node/chunks/config.js:27225:4)
      at async EnvironmentPluginContainer.transform (file:///C:/Users/Administrator/Desktop/livetool/frontend/node_modules/vite/dist/node/chunks/config.js:28877:14)
      at async loadAndTransform (file:///C:/Users/Administrator/Desktop/livetool/frontend/node_modules/vite/dist/node/chunks/config.js:22746:26)
      at async viteTransformMiddleware (file:///C:/Users/Administrator/Desktop/livetool/frontend/node_modules/vite/dist/node/chunks/config.js:24622:20)
22:24:57 [vite] (client) page reload actions-check.js
22:25:22 [vite] (client) page reload actions-check.js
